{
  "nodes": [
    {
      "id": "String name",
      "group": 1
    },
    {
      "id": "void getName()",
      "group": 2
    },
    {
      "id": "void setName(String)",
      "group": 2
    }
  ],
  "links": [
    {
      "source": "void getName()",
      "target": "String name",
      "value": 1
    },
    {
      "source": "void setName(String)",
      "target": "String name",
      "value": 1
    }
  ],
  "meta": {}
}
