Lorg/joinmastodon/android/fragments/ComposeFragment; -> Lorg/joinmastodon/android/ExternalShareActivity;
Lorg/joinmastodon/android/fragments/ComposeFragment; -> Lorg/joinmastodon/android/MainActivity;
Lorg/joinmastodon/android/fragments/ThreadFragment; -> Lorg/joinmastodon/android/MainActivity;
Lorg/joinmastodon/android/fragments/ProfileFragment; -> Lorg/joinmastodon/android/MainActivity;
Lorg/joinmastodon/android/fragments/SplashFragment; -> Lorg/joinmastodon/android/MainActivity;
Lorg/joinmastodon/android/fragments/HomeFragment; -> Lorg/joinmastodon/android/MainActivity;
Lorg/joinmastodon/android/fragments/onboarding/AccountActivationFragment; -> Lorg/joinmastodon/android/MainActivity;
Lorg/joinmastodon/android/MainActivity; -> Lorg/joinmastodon/android/OAuthActivity;
Lorg/joinmastodon/android/fragments/discover/DiscoverAccountsFragment; -> Lorg/joinmastodon/android/fragments/discover/DiscoverFragment;
Lorg/joinmastodon/android/fragments/discover/TrendingHashtagsFragment; -> Lorg/joinmastodon/android/fragments/discover/DiscoverFragment;
Lorg/joinmastodon/android/fragments/discover/LocalTimelineFragment; -> Lorg/joinmastodon/android/fragments/discover/DiscoverFragment;
Lorg/joinmastodon/android/fragments/discover/DiscoverNewsFragment; -> Lorg/joinmastodon/android/fragments/discover/DiscoverFragment;
Lorg/joinmastodon/android/fragments/discover/DiscoverPostsFragment; -> Lorg/joinmastodon/android/fragments/discover/DiscoverFragment;
Lorg/joinmastodon/android/fragments/discover/SearchFragment; -> Lorg/joinmastodon/android/fragments/discover/DiscoverFragment;
Lorg/joinmastodon/android/fragments/ThreadFragment; -> Lorg/joinmastodon/android/fragments/discover/SearchFragment;
Lorg/joinmastodon/android/fragments/ProfileFragment; -> Lorg/joinmastodon/android/fragments/discover/SearchFragment;
Lorg/joinmastodon/android/fragments/report/ReportCommentFragment; -> Lorg/joinmastodon/android/fragments/report/ReportAddPostsChoiceFragment;
Lorg/joinmastodon/android/fragments/report/ReportRuleChoiceFragment; -> Lorg/joinmastodon/android/fragments/report/ReportReasonChoiceFragment;
Lorg/joinmastodon/android/fragments/report/ReportAddPostsChoiceFragment; -> Lorg/joinmastodon/android/fragments/report/ReportReasonChoiceFragment;
Lorg/joinmastodon/android/fragments/report/ReportDoneFragment; -> Lorg/joinmastodon/android/fragments/report/ReportReasonChoiceFragment;
Lorg/joinmastodon/android/fragments/report/ReportAddPostsChoiceFragment; -> Lorg/joinmastodon/android/fragments/report/ReportRuleChoiceFragment;
Lorg/joinmastodon/android/fragments/SettingsFragment; -> Lorg/joinmastodon/android/fragments/onboarding/AccountActivationFragment;
Lorg/joinmastodon/android/fragments/onboarding/OnboardingFollowSuggestionsFragment; -> Lorg/joinmastodon/android/fragments/onboarding/AccountActivationFragment;
Lorg/joinmastodon/android/MainActivity; -> Lorg/joinmastodon/android/fragments/onboarding/AccountActivationFragment;
Lorg/joinmastodon/android/fragments/onboarding/SignupFragment; -> Lorg/joinmastodon/android/fragments/onboarding/GoogleMadeMeAddThisFragment;
Lorg/joinmastodon/android/fragments/onboarding/GoogleMadeMeAddThisFragment; -> Lorg/joinmastodon/android/fragments/onboarding/InstanceRulesFragment;
Lorg/joinmastodon/android/fragments/onboarding/OnboardingProfileSetupFragment; -> Lorg/joinmastodon/android/fragments/onboarding/OnboardingFollowSuggestionsFragment;
Lorg/joinmastodon/android/fragments/onboarding/InstanceRulesFragment; -> Lorg/joinmastodon/android/fragments/onboarding/InstanceCatalogSignupFragment;
Lorg/joinmastodon/android/fragments/HomeTimelineFragment; -> Lorg/joinmastodon/android/fragments/HomeFragment;
Lorg/joinmastodon/android/fragments/NotificationsFragment; -> Lorg/joinmastodon/android/fragments/HomeFragment;
Lorg/joinmastodon/android/fragments/ProfileFragment; -> Lorg/joinmastodon/android/fragments/HomeFragment;
Lorg/joinmastodon/android/fragments/discover/DiscoverFragment; -> Lorg/joinmastodon/android/fragments/HomeFragment;
Lorg/joinmastodon/android/fragments/onboarding/OnboardingFollowSuggestionsFragment; -> Lorg/joinmastodon/android/fragments/HomeFragment;
Lorg/joinmastodon/android/fragments/onboarding/InstanceCatalogSignupFragment; -> Lorg/joinmastodon/android/fragments/SplashFragment;
Lorg/joinmastodon/android/fragments/onboarding/InstanceChooserLoginFragment; -> Lorg/joinmastodon/android/fragments/SplashFragment;
Lorg/joinmastodon/android/fragments/ComposeImageDescriptionFragment; -> Lorg/joinmastodon/android/fragments/ComposeFragment;
Lorg/joinmastodon/android/fragments/NotificationsListFragment; -> Lorg/joinmastodon/android/fragments/NotificationsFragment;
Lorg/joinmastodon/android/fragments/ProfileAboutFragment; -> Lorg/joinmastodon/android/fragments/ProfileFragment;
Lorg/joinmastodon/android/fragments/AccountTimelineFragment; -> Lorg/joinmastodon/android/fragments/ProfileFragment;
Lorg/joinmastodon/android/fragments/ComposeFragment; -> Lorg/joinmastodon/android/fragments/ProfileFragment;
Lorg/joinmastodon/android/fragments/account_list/FollowerListFragment; -> Lorg/joinmastodon/android/fragments/ProfileFragment;
Lorg/joinmastodon/android/fragments/account_list/FollowingListFragment; -> Lorg/joinmastodon/android/fragments/ProfileFragment;
Lorg/joinmastodon/android/fragments/report/ReportReasonChoiceFragment; -> Lorg/joinmastodon/android/fragments/ProfileFragment;
Lorg/joinmastodon/android/fragments/BookmarkedStatusListFragment; -> Lorg/joinmastodon/android/fragments/ProfileFragment;
Lorg/joinmastodon/android/fragments/FavoritedStatusListFragment; -> Lorg/joinmastodon/android/fragments/ProfileFragment;
Lorg/joinmastodon/android/fragments/onboarding/AccountActivationFragment; -> Lorg/joinmastodon/android/fragments/SettingsFragment;
Lorg/joinmastodon/android/MainActivity; -> Lorg/joinmastodon/android/fragments/SettingsFragment;
Lorg/joinmastodon/android/fragments/ThreadFragment; -> Lorg/joinmastodon/android/fragments/NotificationsListFragment;
Lorg/joinmastodon/android/fragments/ProfileFragment; -> Lorg/joinmastodon/android/fragments/NotificationsListFragment;
Lorg/joinmastodon/android/fragments/ThreadFragment; -> Lorg/joinmastodon/android/fragments/StatusListFragment;
Lorg/joinmastodon/android/fragments/ComposeFragment; -> Lorg/joinmastodon/android/fragments/HashtagTimelineFragment;
Lorg/joinmastodon/android/fragments/ComposeFragment; -> Lorg/joinmastodon/android/fragments/HomeTimelineFragment;
Lorg/joinmastodon/android/fragments/SettingsFragment; -> Lorg/joinmastodon/android/fragments/HomeTimelineFragment;
