Package: io.redgreen.tumbleweed.samples
Class: StaticFieldJava
Extends: java.lang.Object
Fields:
  - java.lang.String CONSTANT
Methods:
  - void <init>()
  - void main([]java.lang.String)
Reads:
  - void main([]java.lang.String) -> java.lang.String CONSTANT
