Package: io.redgreen.tumbleweed.samples
Class: StaticFieldAccess
Extends: java.lang.Object
Methods:
  - void <init>()
  - void turnDebugOn()
  - void turnDebugOff()
