Package: io.redgreen.tumbleweed.samples
Class: DeeplyNestedLambdaFunctions
Fields:
  - java.util.Queue structureUpdatesQueue
Methods:
  - void <init>()
  - void setupRoutes(io.redgreen.tumbleweed.samples.Application, io.redgreen.tumbleweed.samples.Source, int)
  - void serveIndexPage(int)
  - void openWsConnectionForStructureUpdates(java.util.Queue, io.redgreen.tumbleweed.samples.Source)
Reads:
  - void setupRoutes(io.redgreen.tumbleweed.samples.Application, io.redgreen.tumbleweed.samples.Source, int) -> java.util.Queue structureUpdatesQueue
Writes:
  - void <init>() -> java.util.Queue structureUpdatesQueue
Calls:
  - void setupRoutes(io.redgreen.tumbleweed.samples.Application, io.redgreen.tumbleweed.samples.Source, int) -> void serveIndexPage(int)
  - void setupRoutes(io.redgreen.tumbleweed.samples.Application, io.redgreen.tumbleweed.samples.Source, int) -> void openWsConnectionForStructureUpdates(java.util.Queue, io.redgreen.tumbleweed.samples.Source)
