Package: io.redgreen.tumbleweed.samples
Class: FunctionCallsInsideLambdas
Extends: java.lang.Object
Methods:
  - void <init>()
  - void foo()
  - void bar()
Calls:
  - void foo() -> void bar()
