Package: com.legacycode.eureka.samples
Class: LazyProperty
Extends: java.lang.Object
Fields:
  - kotlin.Lazy sloth$delegate
Methods:
  - void <init>()
  - java.lang.String getSloth()
Reads:
  - java.lang.String getSloth() -> kotlin.Lazy sloth$delegate
Writes:
  - void <init>() -> kotlin.Lazy sloth$delegate
