Package: com.legacycode.eureka.samples
Class: Video
Extends: java.lang.Record
Fields:
  - java.lang.String title
  - long duration
Methods:
  - void <init>(java.lang.String, long)
  - java.lang.String toString()
  - int hashCode()
  - boolean equals(java.lang.Object)
  - java.lang.String title()
  - long duration()
Reads:
  - java.lang.String toString() -> java.lang.String title
  - java.lang.String toString() -> long duration
  - int hashCode() -> java.lang.String title
  - int hashCode() -> long duration
  - boolean equals(java.lang.Object) -> java.lang.String title
  - boolean equals(java.lang.Object) -> long duration
  - java.lang.String title() -> java.lang.String title
  - long duration() -> long duration
Writes:
  - void <init>(java.lang.String, long) -> java.lang.String title
  - void <init>(java.lang.String, long) -> long duration
