./gradlew -p /project/root -q benchmark:dependencies
./gradlew -p /project/root -q contacts:dependencies
./gradlew -p /project/root -q contacts-app:dependencies
./gradlew -p /project/root -q core-ui:dependencies
./gradlew -p /project/root -q core-util:dependencies
./gradlew -p /project/root -q device-transfer:dependencies
./gradlew -p /project/root -q device-transfer-app:dependencies
./gradlew -p /project/root -q donations:dependencies
./gradlew -p /project/root -q donations-app:dependencies
./gradlew -p /project/root -q glide-config:dependencies
./gradlew -p /project/root -q image-editor:dependencies
./gradlew -p /project/root -q image-editor-app:dependencies
./gradlew -p /project/root -q libsignal-service:dependencies
./gradlew -p /project/root -q lintchecks:dependencies
./gradlew -p /project/root -q microbenchmark:dependencies
./gradlew -p /project/root -q paging:dependencies
./gradlew -p /project/root -q paging-app:dependencies
./gradlew -p /project/root -q photoview:dependencies
./gradlew -p /project/root -q qr:dependencies
./gradlew -p /project/root -q qr-app:dependencies
./gradlew -p /project/root -q Signal-Android:dependencies
./gradlew -p /project/root -q sms-exporter:dependencies
./gradlew -p /project/root -q sms-exporter-app:dependencies
./gradlew -p /project/root -q spinner:dependencies
./gradlew -p /project/root -q spinner-app:dependencies
./gradlew -p /project/root -q sticky-header-grid:dependencies
./gradlew -p /project/root -q video:dependencies
