Package: io.redgreen.tumbleweed.samples
Class: ClassWithFields
Fields:
  - field1: java.lang.String
  - field2: java.lang.String
Methods:
  - void <init>()
  - java.lang.String getField1()
  - java.lang.String getField2()
