Package: io.redgreen.tumbleweed.samples
Class: ClassWithRecursiveFunction
Fields:
  - io.redgreen.tumbleweed.samples.ClassWithRecursiveFunction INSTANCE
Methods:
  - void <init>()
  - int fibonacci(int)
  - void <clinit>()
Calls:
  - int fibonacci(int) -> int fibonacci(int)
  - int fibonacci(int) -> int fibonacci(int)
  - void <clinit>() -> void <init>()
  - void <clinit>() -> io.redgreen.tumbleweed.samples.ClassWithRecursiveFunction INSTANCE
