digraph "Activity" {
  "androidx.app.AppCompatActivity" -> "android.app.Activity"
  "com.legacycode.app.BaseActivity" -> "androidx.app.AppCompatActivity"
  "com.legacycode.MetricsActivity" -> "androidx.app.AppCompatActivity"
  "android.app.HomeActivity" -> "com.legacycode.app.BaseActivity"
}
