❌ Differences found:
  - (1) String name
  - (2) void getName()
  - (2) void setName(String)
