Package: com.legacycode.tumbleweed.samples
Class: ExternalClassAccessingSuperClassMembers
Extends: com.legacycode.tumbleweed.samples.InternalSuperClass
Methods:
  - void <init>()
  - void foo()
  - int getSeverity()
  - java.lang.String whoIs(java.lang.String)
Calls:
  - void foo() -> int getSeverity()
  - void foo() -> java.lang.String whoIs(java.lang.String)
