Package: com.legacycode.tumbleweed.samples
Class: DeeplyNestedLambdaFunctions
Extends: java.lang.Object
Fields:
  - java.util.Queue structureUpdatesQueue
Methods:
  - void <init>()
  - void setupRoutes(com.legacycode.tumbleweed.samples.Application, com.legacycode.tumbleweed.samples.Source, int)
  - void serveIndexPage(int)
  - void openWsConnectionForStructureUpdates(java.util.Queue, com.legacycode.tumbleweed.samples.Source)
Reads:
  - void setupRoutes(com.legacycode.tumbleweed.samples.Application, com.legacycode.tumbleweed.samples.Source, int) -> java.util.Queue structureUpdatesQueue
Writes:
  - void <init>() -> java.util.Queue structureUpdatesQueue
Calls:
  - void setupRoutes(com.legacycode.tumbleweed.samples.Application, com.legacycode.tumbleweed.samples.Source, int) -> void serveIndexPage(int)
  - void setupRoutes(com.legacycode.tumbleweed.samples.Application, com.legacycode.tumbleweed.samples.Source, int) -> void openWsConnectionForStructureUpdates(java.util.Queue, com.legacycode.tumbleweed.samples.Source)
