Package: com.legacycode.tumbleweed.samples
Class: Counter
Extends: java.lang.Object
Fields:
  - int count
Methods:
  - void <init>(int)
  - void <init>(int, int, kotlin.jvm.internal.DefaultConstructorMarker)
  - int getCount()
  - com.legacycode.tumbleweed.samples.Counter increment()
  - int component1()
  - com.legacycode.tumbleweed.samples.Counter copy(int)
  - java.lang.String toString()
  - int hashCode()
  - boolean equals(java.lang.Object)
  - void <init>()
Reads:
  - int getCount() -> int count
  - com.legacycode.tumbleweed.samples.Counter increment() -> int count
  - int component1() -> int count
  - java.lang.String toString() -> int count
  - int hashCode() -> int count
  - boolean equals(java.lang.Object) -> int count
Writes:
  - void <init>(int) -> int count
Calls:
  - com.legacycode.tumbleweed.samples.Counter increment() -> com.legacycode.tumbleweed.samples.Counter copy(int)
