Package: com.legacycode.tumbleweed.samples
Class: ExtensionFunctionsWithReceivers
Extends: java.lang.Object
Fields:
  - int defaultPort
Methods:
  - void <init>()
  - void start(int)
  - void installWebSockets(com.legacycode.tumbleweed.samples.Application, int)
Reads:
  - void start(int) -> int defaultPort
Writes:
  - void <init>() -> int defaultPort
Calls:
  - void start(int) -> void installWebSockets(com.legacycode.tumbleweed.samples.Application, int)
