Package: com.legacycode.tumbleweed.samples
Class: RecursiveFunction
Extends: java.lang.Object
Fields:
  - com.legacycode.tumbleweed.samples.RecursiveFunction INSTANCE
Methods:
  - void <init>()
  - int fibonacci(int)
  - void <clinit>()
Writes:
  - void <clinit>() -> com.legacycode.tumbleweed.samples.RecursiveFunction INSTANCE
Calls:
  - int fibonacci(int) -> int fibonacci(int)
