Package: com.legacycode.tumbleweed.samples
Class: StringConcatenation
Extends: java.lang.Object
Methods:
  - void <init>()
  - void printHappyNewYear()
  - java.lang.String salutation(java.lang.String)
Calls:
  - void printHappyNewYear() -> java.lang.String salutation(java.lang.String)
