{
  "nodes": [
    {
      "id": "void \u003cinit\u003e()",
      "group": 2
    },
    {
      "id": "void bar()",
      "group": 2
    },
    {
      "id": "void baz()",
      "group": 2
    },
    {
      "id": "void foo()",
      "group": 2
    },
    {
      "id": "String getBaz()",
      "group": 2
    }
  ],
  "links": [
    {
      "source": "void bar()",
      "target": "void foo()",
      "value": 1
    },
    {
      "source": "void baz()",
      "target": "String getBaz()",
      "value": 1
    }
  ],
  "meta": {
    "classInfo": {
      "name": "com.legacycode.eureka.samples.AccessSuperClassMembers",
      "extends": "com.legacycode.eureka.samples.SuperClass"
    }
  }
}
