Package: io.redgreen.tumbleweed.samples
Class: Constants
Extends: java.lang.Object
Fields:
  - java.lang.String CONSTANT
  - int NUMBER
  - long LONG_NUMBER
  - double DOUBLE
  - double FLOAT
  - int CHAR
  - int SHORT
Methods:
  - void <init>()
  - void main([]java.lang.String)
Reads:
  - void main([]java.lang.String) -> java.lang.String CONSTANT
  - void main([]java.lang.String) -> int NUMBER
  - void main([]java.lang.String) -> long LONG_NUMBER
  - void main([]java.lang.String) -> double DOUBLE
  - void main([]java.lang.String) -> double FLOAT
  - void main([]java.lang.String) -> int CHAR
  - void main([]java.lang.String) -> int SHORT
